// Jest Snapshot v1, https://goo.gl/fbAQLP

exports[`Snapshot Test for onboarding.html HTML structure matches the snapshot 1`] = `
"
    <nav class="navbar navbar-expand-lg background-brown">
        <div class="container-fluid">
            <a class="navbar-brand text-white" href="#">Block Purchase Extension</a>
            <button class="navbar-toggler" type="button" data-bs-toggle="collapse" data-bs-target="#navbarNav" aria-controls="navbarNav" aria-expanded="false" aria-label="Toggle navigation">
                <span class="navbar-toggler-icon"></span>
            </button>
            <div class="collapse navbar-collapse" id="navbarNav">
                <ul class="navbar-nav">
                    <li class="nav-item">
                        <a class="nav-link text-white" aria-current="page" href="https://github.com/mugoma/block-purchase-extension" target="_blank" id="github-link">Github</a>
                    </li>
                    <li class="nav-item">
                        <a class="nav-link text-white" aria-current="page" href="#" id="how-to-use-page-link">How to use
                            this extension</a>
                    </li>
                </ul>
            </div>
        </div>
    </nav>
    <div class="container">
        <h1>Thank you for installing Block Purchase Extension!</h1>
        <p>Visit the <a href="#" class="options-page-links">options page</a> to edit the interventions you want applied to
            the websites you visit. </p>
        <p>You can get more information on how to use the extension in the <a href="#" class="how-to-use-page-links">how to use page</a>.</p>

    </div>
    <!-- <script src="../scripts/utils.js"></script> -->
    <script src="../scripts/pages/onboarding.js"></script>
    <!-- <script src="../scripts/pages/navbar.js"></script> -->
    <script src="../scripts/bootstrap/bootstrap.min.js"></script>




"
`;
